../Core/Inc/ADS1118.h:31:19:Ads1118_Configure	32	static
../Core/Inc/ADS1118.h:56:19:Ads1118_Transmit	32	static
../Core/Src/main.c:89:5:main	72	static
../Core/Src/main.c:192:6:SystemClock_Config	88	static
../Core/Src/main.c:230:13:MX_CAN_Init	8	static
../Core/Src/main.c:267:13:MX_SPI1_Init	8	static
../Core/Src/main.c:307:13:MX_TIM14_Init	8	static
../Core/Src/main.c:336:13:MX_DMA_Init	16	static
../Core/Src/main.c:354:13:MX_GPIO_Init	48	static
../Core/Src/main.c:390:7:temperature_code_to_temperature	16	static
../Core/Src/main.c:398:19:send_can_msg	56	static
../Core/Src/main.c:416:6:HAL_CAN_RxFifo0MsgPendingCallback	72	static
../Core/Src/main.c:445:6:HAL_SPI_TxRxCpltCallback	16	static
../Core/Src/main.c:449:6:HAL_TIM_PeriodElapsedCallback	16	static
../Core/Src/main.c:473:6:Error_Handler	8	static,ignoring_inline_asm
